============================= test session starts =============================
platform win32 -- Python 3.13.2, pytest-8.3.5, pluggy-1.6.0 -- C:\Users\azizm\AppData\Local\Programs\Python\Python313\python.exe
cachedir: .pytest_cache
Test order randomisation NOT enabled. Enable with --random-order or --random-order-bucket=<bucket_type>
rootdir: D:\USER\Desktop\dossier projet\backend
plugins: anyio-4.9.0, cov-5.0.0, django-4.11.1, random-order-1.1.1
collecting ... collected 3 items

tests/test_api.py::test_read_main PASSED                                 [ 33%]
tests/test_api.py::test_dataset_preview PASSED                           [ 66%]
tests/test_api.py::test_train_model FAILED                               [100%]

================================== FAILURES ===================================
______________________________ test_train_model _______________________________

    def test_train_model():
        # Get columns
        response = client.get("/dataset/")
        target = response.json()["columns"][-1]
    
        # Trigger train
        train_resp = client.post(
            "/models/train",
            json={"model_name": "LogisticRegression", "target_column": target, "hyperparameters": {}}
        )
>       assert train_resp.status_code == 200
E       assert 405 == 200
E        +  where 405 = <Response [405 Method Not Allowed]>.status_code

tests\test_api.py:58: AssertionError
============================== warnings summary ===============================
app\main.py:31
  D:\USER\Desktop\dossier projet\backend\app\main.py:31: DeprecationWarning: 
          on_event is deprecated, use lifespan event handlers instead.
  
          Read more about it in the
          [FastAPI docs for Lifespan Events](https://fastapi.tiangolo.com/advanced/events/).
          
    @app.on_event("startup")

C:\Users\azizm\AppData\Local\Programs\Python\Python313\Lib\site-packages\fastapi\applications.py:4576
  C:\Users\azizm\AppData\Local\Programs\Python\Python313\Lib\site-packages\fastapi\applications.py:4576: DeprecationWarning: 
          on_event is deprecated, use lifespan event handlers instead.
  
          Read more about it in the
          [FastAPI docs for Lifespan Events](https://fastapi.tiangolo.com/advanced/events/).
          
    return self.router.on_event(event_type)

-- Docs: https://docs.pytest.org/en/stable/how-to/capture-warnings.html
=========================== short test summary info ===========================
FAILED tests/test_api.py::test_train_model - assert 405 == 200
=================== 1 failed, 2 passed, 2 warnings in 3.81s ===================
